// Jest Snapshot v1, https://goo.gl/fbAQLP

exports[`example should work 1`] = `

-> print("Hello, world!");
 | ^^^^^ entity.name.function.glsl
 |      ^ punctuation.brace.round.glsl
 |       ^ punctuation.definition.string.begin.glsl  string.glsl
 |        ^^^^^^^^^^^^^ string.glsl
 |                     ^ punctuation.definition.string.end.glsl  string.glsl
 |                      ^ punctuation.brace.round.glsl
 |                       ^ punctuation.terminator.glsl
->
`;
